// Jest Snapshot v1, https://goo.gl/fbAQLP

exports[`<GridView /> renders properly, setup state and crosstalk handle 1`] = `
<div
  className="rscgrid"
>
  <div
    className="rscgrid__grid"
  >
    <a
      className="rscgrid-item"
      href="https://connect.tester.net/content/991f16c5-dc7e-4403-89d0-c54d10968460/"
      key="0"
      rel="noreferrer"
      target="_blank"
    >
      <figure
        className="rscgrid-item__img rscgrid-item__img--no-access"
        style={
          Object {
            "backgroundImage": "url(\\"https://connect.tester.net/__api__/applications/991f16c5-dc7e-4403-89d0-c54d10968460/image\\")",
          }
        }
      />
      <h2
        className="rscgrid-item__title"
      >
        methodical synergize
      </h2>
      <div
        className="rscgrid-item__meta"
      >
        <span>
          Porter.Terry
        </span>
         • 
        <time>
          Apr 14, 2021
        </time>
      </div>
    </a>
    <a
      className="rscgrid-item"
      href="https://connect.tester.net/content/4b5345cc-8dc5-46fa-80ed-1a389d80e21b/"
      key="1"
      rel="noreferrer"
      target="_blank"
    >
      <figure
        className="rscgrid-item__img rscgrid-item__img--no-access"
        style={
          Object {
            "backgroundImage": "url(\\"https://connect.tester.net/__api__/applications/4b5345cc-8dc5-46fa-80ed-1a389d80e21b/image\\")",
          }
        }
      />
      <h2
        className="rscgrid-item__title"
      >
        Plaza Federation
      </h2>
      <div
        className="rscgrid-item__meta"
      >
        <span>
          Rickey_Williamson64
        </span>
         • 
        <time>
          Jan 3, 2021
        </time>
      </div>
    </a>
    <a
      className="rscgrid-item"
      href="https://connect.tester.net/content/100881c9-0162-4f3f-b973-6870085d48ff/"
      key="2"
      rel="noreferrer"
      target="_blank"
    >
      <figure
        className="rscgrid-item__img rscgrid-item__img--no-access"
        style={
          Object {
            "backgroundImage": "url(\\"https://connect.tester.net/__api__/applications/100881c9-0162-4f3f-b973-6870085d48ff/image\\")",
          }
        }
      />
      <h2
        className="rscgrid-item__title"
      >
        deposit Vanuatu Paradigm
      </h2>
      <div
        className="rscgrid-item__meta"
      >
        <span>
          Kimberly_McKenzie
        </span>
         • 
        <time>
          Oct 15, 2020
        </time>
      </div>
    </a>
    <a
      className="rscgrid-item"
      href="https://connect.tester.net/content/e2f6ef2a-2735-44ac-b4b4-666f080d3435/"
      key="3"
      rel="noreferrer"
      target="_blank"
    >
      <figure
        className="rscgrid-item__img rscgrid-item__img--no-access"
        style={
          Object {
            "backgroundImage": "url(\\"https://connect.tester.net/__api__/applications/e2f6ef2a-2735-44ac-b4b4-666f080d3435/image\\")",
          }
        }
      />
      <h2
        className="rscgrid-item__title"
      >
        Gardens Consultant
      </h2>
      <div
        className="rscgrid-item__meta"
      >
        <span>
          Jayden62
        </span>
         • 
        <time>
          Nov 28, 2020
        </time>
      </div>
    </a>
    <a
      className="rscgrid-item"
      href="https://connect.tester.net/content/407fa045-4f38-4e9a-9482-12fe29fdbbe2/"
      key="4"
      rel="noreferrer"
      target="_blank"
    >
      <figure
        className="rscgrid-item__img rscgrid-item__img--no-access"
        style={
          Object {
            "backgroundImage": "url(\\"https://connect.tester.net/__api__/applications/407fa045-4f38-4e9a-9482-12fe29fdbbe2/image\\")",
          }
        }
      />
      <h2
        className="rscgrid-item__title"
      >
        Corporate logistical services
      </h2>
      <div
        className="rscgrid-item__meta"
      >
        <span>
          Theron.Kreiger24
        </span>
         • 
        <time>
          Aug 12, 2020
        </time>
      </div>
    </a>
    <a
      className="rscgrid-item"
      href="https://connect.tester.net/content/765bd469-3e00-47be-b214-f870036986e4/"
      key="5"
      rel="noreferrer"
      target="_blank"
    >
      <figure
        className="rscgrid-item__img rscgrid-item__img--no-access"
        style={
          Object {
            "backgroundImage": "url(\\"https://connect.tester.net/__api__/applications/765bd469-3e00-47be-b214-f870036986e4/image\\")",
          }
        }
      />
      <h2
        className="rscgrid-item__title"
      >
        Bacon
      </h2>
      <div
        className="rscgrid-item__meta"
      >
        <span>
          Wilber.Wintheiser
        </span>
         • 
        <time>
          Jul 16, 2020
        </time>
      </div>
    </a>
    <a
      className="rscgrid-item"
      href="https://connect.tester.net/content/f36c30d7-22a2-4ed5-ad36-d7a00f82cecd/"
      key="6"
      rel="noreferrer"
      target="_blank"
    >
      <figure
        className="rscgrid-item__img rscgrid-item__img--no-access"
        style={
          Object {
            "backgroundImage": "url(\\"https://connect.tester.net/__api__/applications/f36c30d7-22a2-4ed5-ad36-d7a00f82cecd/image\\")",
          }
        }
      />
      <h2
        className="rscgrid-item__title"
      >
        Optimization
      </h2>
      <div
        className="rscgrid-item__meta"
      >
        <span>
          Estevan.Metz99
        </span>
         • 
        <time>
          Jun 10, 2020
        </time>
      </div>
    </a>
    <a
      className="rscgrid-item"
      href="https://connect.tester.net/content/054c3ae5-5b49-4ce4-b29c-bec7618355d6/"
      key="7"
      rel="noreferrer"
      target="_blank"
    >
      <figure
        className="rscgrid-item__img rscgrid-item__img--no-access"
        style={
          Object {
            "backgroundImage": "url(\\"https://connect.tester.net/__api__/applications/054c3ae5-5b49-4ce4-b29c-bec7618355d6/image\\")",
          }
        }
      />
      <h2
        className="rscgrid-item__title"
      >
        bottom-line ROI Pizza
      </h2>
      <div
        className="rscgrid-item__meta"
      >
        <span>
          Skye27
        </span>
         • 
        <time>
          Jul 4, 2020
        </time>
      </div>
    </a>
    <a
      className="rscgrid-item"
      href="https://connect.tester.net/content/81a1603c-0f85-430c-8586-0fc794a12955/"
      key="8"
      rel="noreferrer"
      target="_blank"
    >
      <figure
        className="rscgrid-item__img rscgrid-item__img--no-access"
        style={
          Object {
            "backgroundImage": "url(\\"https://connect.tester.net/__api__/applications/81a1603c-0f85-430c-8586-0fc794a12955/image\\")",
          }
        }
      />
      <h2
        className="rscgrid-item__title"
      >
        Legacy Keyboard architecture
      </h2>
      <div
        className="rscgrid-item__meta"
      >
        <span>
          Noemy12
        </span>
         • 
        <time>
          Feb 25, 2021
        </time>
      </div>
    </a>
    <a
      className="rscgrid-item"
      href="https://connect.tester.net/content/d4f047fc-e556-46fe-ba37-c37e94aa8b27/"
      key="9"
      rel="noreferrer"
      target="_blank"
    >
      <figure
        className="rscgrid-item__img rscgrid-item__img--no-access"
        style={
          Object {
            "backgroundImage": "url(\\"https://connect.tester.net/__api__/applications/d4f047fc-e556-46fe-ba37-c37e94aa8b27/image\\")",
          }
        }
      />
      <h2
        className="rscgrid-item__title"
      >
        transmitter Shoes indexing
      </h2>
      <div
        className="rscgrid-item__meta"
      >
        <span>
          Francisca72
        </span>
         • 
        <time>
          May 31, 2020
        </time>
      </div>
    </a>
    <a
      className="rscgrid-item"
      href="https://connect.tester.net/content/10352ba4-e6fa-4f69-a0b1-966b9f84276c/"
      key="10"
      rel="noreferrer"
      target="_blank"
    >
      <figure
        className="rscgrid-item__img rscgrid-item__img--no-access"
        style={
          Object {
            "backgroundImage": "url(\\"https://connect.tester.net/__api__/applications/10352ba4-e6fa-4f69-a0b1-966b9f84276c/image\\")",
          }
        }
      />
      <h2
        className="rscgrid-item__title"
      >
        Account recontextualize
      </h2>
      <div
        className="rscgrid-item__meta"
      >
        <span>
          Mabel_Dooley
        </span>
         • 
        <time>
          Dec 23, 2020
        </time>
      </div>
    </a>
    <a
      className="rscgrid-item"
      href="https://connect.tester.net/content/b77ec334-951a-4b3e-9d01-3c2cc486c65e/"
      key="11"
      rel="noreferrer"
      target="_blank"
    >
      <figure
        className="rscgrid-item__img rscgrid-item__img--no-access"
        style={
          Object {
            "backgroundImage": "url(\\"https://connect.tester.net/__api__/applications/b77ec334-951a-4b3e-9d01-3c2cc486c65e/image\\")",
          }
        }
      />
      <h2
        className="rscgrid-item__title"
      >
        Cambodia
      </h2>
      <div
        className="rscgrid-item__meta"
      >
        <span>
          Royal_Cummerata31
        </span>
         • 
        <time>
          Apr 22, 2021
        </time>
      </div>
    </a>
  </div>
  <GridPagination
    currentPage={1}
    onChange={[Function]}
    perPage={12}
    total={63}
  />
</div>
`;
