// Jest Snapshot v1, https://goo.gl/fbAQLP

exports[`<FilterFieldsPane /> renders properly 1`] = `
<div
  className="rscfilter-pane bg-white"
>
  <FilterField
    label="Owner"
    placeholder="Filter people"
    type="owner"
  />
  <FilterField
    label="Type"
    placeholder="Select content types"
    type="type"
  />
  <FilterField
    label="Tags"
    placeholder="Filter tags"
    type="tag"
  />
  <div
    className="rscfilter-pane__actions border-top"
  >
    <button
      className="rscfilter-pane__actions-reset btn btn-secondary"
      onClick={[Function]}
    >
      Reset
    </button>
  </div>
</div>
`;
